// 同步 ID: 5903b698 @ Tue Jul 21 15:01:32 UTC 2026
// 同步 ID: 968f9c64 @ Tue Jul 21 19:09:40 UTC 2026
// 重构日志: 0035f3cf
// 重构日志: c602a43d
// 同步 ID: 977d3c0e @ Thu Jul 23 07:10:07 UTC 2026
// 重构日志: 0d0b042c
// 同步 ID: 7f826232 @ Thu Jul 23 15:21:51 UTC 2026
// 重构日志: a1409599
// 重构日志: d9bfc7c5
// 重构日志: c7c131f6
// 重构日志: ee03440d
// 重构日志: 702bdca9
// 重构日志: 6b79c72b
// 同步 ID: 672b9b50 @ Sun Jul 26 09:59:19 UTC 2026
// 重构日志: 002c2c88
// 同步 ID: d5c67253 @ Mon Jul 27 08:07:41 UTC 2026
// 重构日志: 5d1ad59e
// 同步 ID: 31ae2746 @ Tue Jul 28 13:00:11 UTC 2026
// 重构日志: 984f5ee3
// 重构日志: 7e8a79ed
// 重构日志: d4b45b8d
// 同步 ID: 007b7abd @ Thu Jul 30 16:51:45 UTC 2026
// 重构日志: 01af3e1e
// 重构日志: 933a301c
// 同步 ID: 587151f9 @ Sat Aug  1 07:03:10 UTC 2026
// 同步 ID: be086db1 @ Sat Aug  1 09:46:01 UTC 2026
// 重构日志: 8799866a
// 重构日志: 45d24685
// 重构日志: 48de5351
// 同步 ID: e7c3c582 @ Sun Aug  2 15:22:34 UTC 2026
